v_en_01            tokens= 1 elapsed=0.387s first_id=185
v_en_01            tokens= 8 elapsed=0.856s first_id=185
v_en_01            tokens=16 elapsed=1.587s first_id=185
v_en_01            tokens=32 elapsed=3.166s first_id=185
v_en_01            tokens=64 elapsed=6.040s first_id=185
v_en_02            tokens= 1 elapsed=0.228s first_id=185
v_en_02            tokens= 8 elapsed=0.895s first_id=185
v_en_02            tokens=16 elapsed=1.621s first_id=185
v_en_02            tokens=32 elapsed=3.071s first_id=185
v_en_02            tokens=64 elapsed=5.945s first_id=185
v_en_03            tokens= 1 elapsed=0.276s first_id=185
v_en_03            tokens= 8 elapsed=0.902s first_id=185
v_en_03            tokens=16 elapsed=1.608s first_id=185
v_en_03            tokens=32 elapsed=3.173s first_id=185
v_en_03            tokens=64 elapsed=5.929s first_id=185
v_zh_01            tokens= 1 elapsed=0.232s first_id=185
v_zh_01            tokens= 8 elapsed=0.829s first_id=185
v_zh_01            tokens=16 elapsed=1.614s first_id=185
v_zh_01            tokens=32 elapsed=3.051s first_id=185
v_zh_01            tokens=64 elapsed=5.832s first_id=185
v_zh_02            tokens= 1 elapsed=0.211s first_id=185
v_zh_02            tokens= 8 elapsed=0.842s first_id=185
v_zh_02            tokens=16 elapsed=1.564s first_id=185
v_zh_02            tokens=32 elapsed=3.059s first_id=185
v_zh_02            tokens=64 elapsed=5.887s first_id=185
v_zh_03            tokens= 1 elapsed=0.217s first_id=185
v_zh_03            tokens= 8 elapsed=0.798s first_id=185
v_zh_03            tokens=16 elapsed=1.558s first_id=185
v_zh_03            tokens=32 elapsed=3.135s first_id=185
v_zh_03            tokens=64 elapsed=5.916s first_id=185
v_struct_01        tokens= 1 elapsed=0.289s first_id=207
v_struct_01        tokens= 8 elapsed=0.931s first_id=207
v_struct_01        tokens=16 elapsed=1.604s first_id=207
v_struct_01        tokens=32 elapsed=3.044s first_id=207
v_struct_01        tokens=64 elapsed=6.171s first_id=207
v_struct_02        tokens= 1 elapsed=0.282s first_id=185
v_struct_02        tokens= 8 elapsed=0.893s first_id=185
v_struct_02        tokens=16 elapsed=1.611s first_id=185
v_struct_02        tokens=32 elapsed=3.174s first_id=185
v_struct_02        tokens=64 elapsed=5.993s first_id=185
v_struct_03        tokens= 1 elapsed=0.256s first_id=185
v_struct_03        tokens= 8 elapsed=0.846s first_id=185
v_struct_03        tokens=16 elapsed=1.563s first_id=185
v_struct_03        tokens=32 elapsed=3.045s first_id=185
v_struct_03        tokens=64 elapsed=5.993s first_id=185
