v_en_01            tokens= 1 elapsed=0.200s first_id=185
v_en_01            tokens= 8 elapsed=0.846s first_id=185
v_en_01            tokens=16 elapsed=1.601s first_id=185
v_en_01            tokens=32 elapsed=3.073s first_id=185
v_en_01            tokens=64 elapsed=5.999s first_id=185
v_en_02            tokens= 1 elapsed=0.226s first_id=185
v_en_02            tokens= 8 elapsed=0.818s first_id=185
v_en_02            tokens=16 elapsed=1.584s first_id=185
v_en_02            tokens=32 elapsed=2.946s first_id=185
v_en_02            tokens=64 elapsed=5.981s first_id=185
v_en_03            tokens= 1 elapsed=0.198s first_id=185
v_en_03            tokens= 8 elapsed=0.926s first_id=185
v_en_03            tokens=16 elapsed=1.606s first_id=185
v_en_03            tokens=32 elapsed=3.162s first_id=185
v_en_03            tokens=64 elapsed=6.246s first_id=185
v_zh_01            tokens= 1 elapsed=0.262s first_id=185
v_zh_01            tokens= 8 elapsed=0.897s first_id=185
v_zh_01            tokens=16 elapsed=1.671s first_id=185
v_zh_01            tokens=32 elapsed=3.127s first_id=185
v_zh_01            tokens=64 elapsed=6.007s first_id=185
v_zh_02            tokens= 1 elapsed=0.197s first_id=185
v_zh_02            tokens= 8 elapsed=0.852s first_id=185
v_zh_02            tokens=16 elapsed=1.571s first_id=185
v_zh_02            tokens=32 elapsed=3.088s first_id=185
v_zh_02            tokens=64 elapsed=5.983s first_id=185
v_zh_03            tokens= 1 elapsed=0.192s first_id=185
v_zh_03            tokens= 8 elapsed=0.853s first_id=185
v_zh_03            tokens=16 elapsed=1.641s first_id=185
v_zh_03            tokens=32 elapsed=3.187s first_id=185
v_zh_03            tokens=64 elapsed=6.155s first_id=185
v_struct_01        tokens= 1 elapsed=1.866s first_id=207
v_struct_01        tokens= 8 elapsed=1.080s first_id=207
v_struct_01        tokens=16 elapsed=1.721s first_id=207
v_struct_01        tokens=32 elapsed=3.126s first_id=207
v_struct_01        tokens=64 elapsed=6.164s first_id=207
v_struct_02        tokens= 1 elapsed=0.190s first_id=185
v_struct_02        tokens= 8 elapsed=0.828s first_id=185
v_struct_02        tokens=16 elapsed=1.562s first_id=185
v_struct_02        tokens=32 elapsed=3.120s first_id=185
v_struct_02        tokens=64 elapsed=6.071s first_id=185
v_struct_03        tokens= 1 elapsed=0.296s first_id=185
v_struct_03        tokens= 8 elapsed=0.957s first_id=185
v_struct_03        tokens=16 elapsed=1.685s first_id=185
v_struct_03        tokens=32 elapsed=3.315s first_id=185
v_struct_03        tokens=64 elapsed=6.304s first_id=185
