can not use command: npu-smi info
h_en_fact_01 0 185 1
h_en_fact_01 1 549 2
h_en_fact_01 2 6077 1
h_en_fact_01 3 3787 1
h_en_fact_01 4 280 1
h_en_fact_01 5 8900 1
h_en_fact_01 6 317 1
h_en_fact_01 7 43450 1
h_en_fact_01 8 13 2
h_en_fact_01 9 185 2
h_en_fact_01 10 2640 2
h_en_fact_01 11 317 3
h_en_fact_01 12 254 3
h_en_fact_01 13 6077 1
h_en_fact_01 14 3787 1
h_en_fact_01 15 280 1
h_en_fact_01 16 254 2
h_en_fact_01 17 4794 0
h_en_fact_01 18 5110 1
h_en_fact_01 19 30 1
h_en_fact_01 20 185 1
h_en_fact_01 21 549 1
h_en_fact_01 22 6077 1
h_en_fact_01 23 3787 1
h_en_fact_01 24 280 0
h_en_fact_01 25 254 0
h_en_fact_01 26 4794 0
h_en_fact_01 27 5110 1
h_en_fact_01 28 317 1
h_en_fact_01 29 8196 1
h_en_fact_01 30 11 1
h_en_fact_01 31 414 0
h_en_fact_01 32 13 1
h_en_fact_01 33 34 1
h_en_fact_01 34 13 2
h_en_fact_01 35 185 1
h_en_fact_01 36 2640 2
h_en_fact_01 37 317 2
h_en_fact_01 38 254 2
h_en_fact_01 39 6077 1
h_en_fact_01 40 3787 1
h_en_fact_01 41 280 1
h_en_fact_01 42 254 1
h_en_fact_01 43 4794 0
h_en_fact_01 44 17903 0
h_en_fact_01 45 30 0
h_en_fact_01 46 185 1
h_en_fact_01 47 549 1
h_en_fact_01 48 6077 1
h_en_fact_01 49 3787 1
h_en_fact_01 50 280 0
h_en_fact_01 51 254 0
h_en_fact_01 52 4794 0
h_en_fact_01 53 17903 0
h_en_fact_01 54 317 0
h_en_fact_01 55 5922 1
h_en_fact_01 56 13 1
h_en_fact_01 57 185 1
h_en_fact_01 58 2640 2
h_en_fact_01 59 317 2
h_en_fact_01 60 254 2
h_en_fact_01 61 6077 1
h_en_fact_01 62 3787 1
h_en_fact_01 63 280 1
h_en_fact_02 0 185 1
h_en_fact_02 1 185 1
h_en_fact_02 2 99652 1
h_en_fact_02 3 22994 2
h_en_fact_02 4 185 1
h_en_fact_02 5 185 1
h_en_fact_02 6 2640 3
h_en_fact_02 7 317 2
h_en_fact_02 8 254 3
h_en_fact_02 9 1022 2
h_en_fact_02 10 2753 1
h_en_fact_02 11 280 2
h_en_fact_02 12 7745 2
h_en_fact_02 13 30 1
h_en_fact_02 14 185 1
h_en_fact_02 15 185 3
h_en_fact_02 16 2219 3
h_en_fact_02 17 2159 3
h_en_fact_02 18 430 2
h_en_fact_02 19 1610 2
h_en_fact_02 20 543 2
h_en_fact_02 21 4152 1
h_en_fact_02 22 430 1
h_en_fact_02 23 1610 1
h_en_fact_02 24 285 2
h_en_fact_02 25 274 2
h_en_fact_02 26 2159 3
h_en_fact_02 27 279 2
h_en_fact_02 28 7745 2
h_en_fact_02 29 543 3
h_en_fact_02 30 4152 2
h_en_fact_02 31 279 2
h_en_fact_02 32 7745 1
h_en_fact_02 33 6838 2
h_en_fact_02 34 23612 1
h_en_fact_02 35 2065 1
h_en_fact_02 36 457 1
h_en_fact_02 37 274 1
h_en_fact_02 38 78331 2
h_en_fact_02 39 5206 1
h_en_fact_02 40 13 2
h_en_fact_02 41 185 1
h_en_fact_02 42 185 1
h_en_fact_02 43 2640 3
h_en_fact_02 44 317 3
h_en_fact_02 45 254 3
h_en_fact_02 46 1864 0
h_en_fact_02 47 2753 1
h_en_fact_02 48 280 0
h_en_fact_02 49 7745 1
h_en_fact_02 50 30 1
h_en_fact_02 51 185 1
h_en_fact_02 52 185 3
h_en_fact_02 53 549 3
h_en_fact_02 54 24688 1
h_en_fact_02 55 280 3
h_en_fact_02 56 274 2
h_en_fact_02 57 2159 1
h_en_fact_02 58 317 3
h_en_fact_02 59 4723 1
h_en_fact_02 60 20651 1
h_en_fact_02 61 276 3
h_en_fact_02 62 254 3
h_en_fact_02 63 2299 2
h_en_fact_03 0 185 1
h_en_fact_03 1 549 0
h_en_fact_03 2 2997 0
h_en_fact_03 3 317 2
h_en_fact_03 4 254 1
h_en_fact_03 5 2604 1
h_en_fact_03 6 344 2
h_en_fact_03 7 37990 0
h_en_fact_03 8 5931 0
h_en_fact_03 9 1184 0
h_en_fact_03 10 254 0
h_en_fact_03 11 3123 0
h_en_fact_03 12 13 1
h_en_fact_03 13 185 1
h_en_fact_03 14 2640 2
h_en_fact_03 15 317 1
h_en_fact_03 16 254 2
h_en_fact_03 17 1157 0
h_en_fact_03 18 280 1
h_en_fact_03 19 254 1
h_en_fact_03 20 2997 0
h_en_fact_03 21 30 1
h_en_fact_03 22 185 1
h_en_fact_03 23 549 0
h_en_fact_03 24 2997 1
h_en_fact_03 25 317 2
h_en_fact_03 26 254 1
h_en_fact_03 27 2604 1
h_en_fact_03 28 344 1
h_en_fact_03 29 37990 0
h_en_fact_03 30 5931 0
h_en_fact_03 31 1184 0
h_en_fact_03 32 254 0
h_en_fact_03 33 3123 0
h_en_fact_03 34 13 1
h_en_fact_03 35 185 1
h_en_fact_03 36 2640 2
h_en_fact_03 37 317 1
h_en_fact_03 38 254 2
h_en_fact_03 39 1157 0
h_en_fact_03 40 280 1
h_en_fact_03 41 254 0
h_en_fact_03 42 2997 0
h_en_fact_03 43 30 1
h_en_fact_03 44 185 1
h_en_fact_03 45 549 0
h_en_fact_03 46 2997 0
h_en_fact_03 47 317 2
h_en_fact_03 48 254 0
h_en_fact_03 49 2604 1
h_en_fact_03 50 344 0
h_en_fact_03 51 37990 0
h_en_fact_03 52 5931 0
h_en_fact_03 53 1184 0
h_en_fact_03 54 254 0
h_en_fact_03 55 3123 0
h_en_fact_03 56 13 1
h_en_fact_03 57 185 1
h_en_fact_03 58 2640 2
h_en_fact_03 59 317 1
h_en_fact_03 60 254 2
h_en_fact_03 61 1157 0
h_en_fact_03 62 280 1
h_en_fact_03 63 254 1
h_zh_fact_01 0 185 1
h_zh_fact_01 1 185 1
h_zh_fact_01 2 14207 0
h_zh_fact_01 3 38972 0
h_zh_fact_01 4 12633 0
h_zh_fact_01 5 25830 2
h_zh_fact_01 6 10116 2
h_zh_fact_01 7 15235 1
h_zh_fact_01 8 2493 0
h_zh_fact_01 9 885 0
h_zh_fact_01 10 10348 0
h_zh_fact_01 11 31501 0
h_zh_fact_01 12 5073 0
h_zh_fact_01 13 337 0
h_zh_fact_01 14 70640 0
h_zh_fact_01 15 398 1
h_zh_fact_01 16 398 1
h_zh_fact_01 17 185 1
h_zh_fact_01 18 185 1
h_zh_fact_01 19 1679 1
h_zh_fact_01 20 207 1
h_zh_fact_01 21 14207 0
h_zh_fact_01 22 38972 2
h_zh_fact_01 23 12633 0
h_zh_fact_01 24 25830 1
h_zh_fact_01 25 10116 1
h_zh_fact_01 26 46712 1
h_zh_fact_01 27 504 1
h_zh_fact_01 28 12011 0
h_zh_fact_01 29 2224 1
h_zh_fact_01 30 185 1
h_zh_fact_01 31 185 1
h_zh_fact_01 32 14207 0
h_zh_fact_01 33 38972 1
h_zh_fact_01 34 12633 1
h_zh_fact_01 35 25830 0
h_zh_fact_01 36 10116 1
h_zh_fact_01 37 46712 1
h_zh_fact_01 38 504 0
h_zh_fact_01 39 23 0
h_zh_fact_01 40 11 0
h_zh_fact_01 41 23 0
h_zh_fact_01 42 19 0
h_zh_fact_01 43 23 0
h_zh_fact_01 44 4428 1
h_zh_fact_01 45 398 2
h_zh_fact_01 46 185 1
h_zh_fact_01 47 185 1
h_zh_fact_01 48 1679 1
h_zh_fact_01 49 207 1
h_zh_fact_01 50 14207 0
h_zh_fact_01 51 38972 1
h_zh_fact_01 52 12633 1
h_zh_fact_01 53 25830 0
h_zh_fact_01 54 10116 1
h_zh_fact_01 55 504 0
h_zh_fact_01 56 32684 0
h_zh_fact_01 57 8329 0
h_zh_fact_01 58 30510 0
h_zh_fact_01 59 7528 0
h_zh_fact_01 60 2224 1
h_zh_fact_01 61 185 1
h_zh_fact_01 62 185 1
h_zh_fact_01 63 14207 0
h_zh_fact_02 0 185 1
h_zh_fact_02 1 185 1
h_zh_fact_02 2 2469 1
h_zh_fact_02 3 92921 0
h_zh_fact_02 4 8311 1
h_zh_fact_02 5 21854 0
h_zh_fact_02 6 10432 1
h_zh_fact_02 7 18867 1
h_zh_fact_02 8 2209 1
h_zh_fact_02 9 6340 0
h_zh_fact_02 10 30752 0
h_zh_fact_02 11 82050 0
h_zh_fact_02 12 37032 1
h_zh_fact_02 13 20646 0
h_zh_fact_02 14 9432 1
h_zh_fact_02 15 54574 1
h_zh_fact_02 16 398 1
h_zh_fact_02 17 185 1
h_zh_fact_02 18 185 1
h_zh_fact_02 19 1679 1
h_zh_fact_02 20 207 1
h_zh_fact_02 21 20646 1
h_zh_fact_02 22 9432 1
h_zh_fact_02 23 54574 1
h_zh_fact_02 24 44956 0
h_zh_fact_02 25 2224 2
h_zh_fact_02 26 185 1
h_zh_fact_02 27 185 1
h_zh_fact_02 28 20646 0
h_zh_fact_02 29 9432 1
h_zh_fact_02 30 54574 2
h_zh_fact_02 31 504 1
h_zh_fact_02 32 82050 0
h_zh_fact_02 33 37032 1
h_zh_fact_02 34 19304 1
h_zh_fact_02 35 1147 2
h_zh_fact_02 36 23967 0
h_zh_fact_02 37 30709 0
h_zh_fact_02 38 92921 0
h_zh_fact_02 39 8311 1
h_zh_fact_02 40 2464 0
h_zh_fact_02 41 29572 0
h_zh_fact_02 42 44700 1
h_zh_fact_02 43 29263 1
h_zh_fact_02 44 398 1
h_zh_fact_02 45 185 1
h_zh_fact_02 46 185 1
h_zh_fact_02 47 1679 1
h_zh_fact_02 48 207 1
h_zh_fact_02 49 2469 0
h_zh_fact_02 50 92921 0
h_zh_fact_02 51 8311 1
h_zh_fact_02 52 2464 2
h_zh_fact_02 53 17391 2
h_zh_fact_02 54 53947 0
h_zh_fact_02 55 9668 0
h_zh_fact_02 56 2224 1
h_zh_fact_02 57 185 1
h_zh_fact_02 58 185 1
h_zh_fact_02 59 2469 0
h_zh_fact_02 60 92921 0
h_zh_fact_02 61 8311 1
h_zh_fact_02 62 2464 2
h_zh_fact_02 63 5593 0
h_zh_fact_03 0 185 1
h_zh_fact_03 1 185 1
h_zh_fact_03 2 17 1
h_zh_fact_03 3 537 1
h_zh_fact_03 4 28092 1
h_zh_fact_03 5 14691 0
h_zh_fact_03 6 19826 1
h_zh_fact_03 7 1429 1
h_zh_fact_03 8 3611 2
h_zh_fact_03 9 35985 1
h_zh_fact_03 10 28815 1
h_zh_fact_03 11 4012 1
h_zh_fact_03 12 18 1
h_zh_fact_03 13 21 0
h_zh_fact_03 14 20 1
h_zh_fact_03 15 1398 0
h_zh_fact_03 16 19304 1
h_zh_fact_03 17 14852 1
h_zh_fact_03 18 13709 0
h_zh_fact_03 19 398 2
h_zh_fact_03 20 185 1
h_zh_fact_03 21 185 1
h_zh_fact_03 22 18 0
h_zh_fact_03 23 537 1
h_zh_fact_03 24 28092 2
h_zh_fact_03 25 14691 0
h_zh_fact_03 26 19826 1
h_zh_fact_03 27 1429 1
h_zh_fact_03 28 3611 1
h_zh_fact_03 29 35985 1
h_zh_fact_03 30 28815 1
h_zh_fact_03 31 4012 1
h_zh_fact_03 32 18 0
h_zh_fact_03 33 21 0
h_zh_fact_03 34 20 0
h_zh_fact_03 35 1398 0
h_zh_fact_03 36 19304 2
h_zh_fact_03 37 14852 1
h_zh_fact_03 38 13709 0
h_zh_fact_03 39 398 2
h_zh_fact_03 40 185 1
h_zh_fact_03 41 185 2
h_zh_fact_03 42 19 0
h_zh_fact_03 43 537 1
h_zh_fact_03 44 28092 1
h_zh_fact_03 45 14691 0
h_zh_fact_03 46 19826 1
h_zh_fact_03 47 1429 1
h_zh_fact_03 48 3611 1
h_zh_fact_03 49 35985 0
h_zh_fact_03 50 28815 0
h_zh_fact_03 51 4012 1
h_zh_fact_03 52 18 0
h_zh_fact_03 53 21 0
h_zh_fact_03 54 20 0
h_zh_fact_03 55 1398 0
h_zh_fact_03 56 19304 1
h_zh_fact_03 57 14852 0
h_zh_fact_03 58 13709 0
h_zh_fact_03 59 398 1
h_zh_fact_03 60 185 1
h_zh_fact_03 61 185 2
h_zh_fact_03 62 20 0
h_zh_fact_03 63 537 1
h_math_01 0 185 1
h_math_01 1 20 0
h_math_01 2 185 2
h_math_01 3 19972 0
h_math_01 4 313 2
h_math_01 5 207 0
h_math_01 6 15 0
h_math_01 7 403 2
h_math_01 8 570 1
h_math_01 9 17 0
h_math_01 10 9 1
h_math_01 11 64 0
h_math_01 12 570 2
h_math_01 13 207 0
h_math_01 14 17 0
h_math_01 15 9 0
h_math_01 16 64 0
h_math_01 17 919 1
h_math_01 18 207 0
h_math_01 19 16 0
h_math_01 20 17 0
h_math_01 21 327 0
h_math_01 22 245 0
h_math_01 23 13 3
h_math_01 24 185 1
h_math_01 25 18 0
h_math_01 26 185 1
h_math_01 27 19972 0
h_math_01 28 313 0
h_math_01 29 207 0
h_math_01 30 15 0
h_math_01 31 403 0
h_math_01 32 207 0
h_math_01 33 16 1
h_math_01 34 15 0
h_math_01 35 9 0
h_math_01 36 64 0
h_math_01 37 919 0
h_math_01 38 207 0
h_math_01 39 16 0
h_math_01 40 16 0
h_math_01 41 9 0
h_math_01 42 64 0
h_math_01 43 570 0
h_math_01 44 207 0
h_math_01 45 16 0
h_math_01 46 15 0
h_math_01 47 327 0
h_math_01 48 245 1
h_math_01 49 13 3
h_math_01 50 185 1
h_math_01 51 20 0
h_math_01 52 185 1
h_math_01 53 19972 0
h_math_01 54 313 0
h_math_01 55 207 0
h_math_01 56 15 0
h_math_01 57 403 0
h_math_01 58 570 0
h_math_01 59 16 1
h_math_01 60 15 0
h_math_01 61 9 0
h_math_01 62 64 0
h_math_01 63 919 0
h_math_02 0 185 2
h_math_02 1 185 1
h_math_02 2 1679 1
h_math_02 3 12382 1
h_math_02 4 185 2
h_math_02 5 32 3
h_math_02 6 28099 2
h_math_02 7 317 3
h_math_02 8 207 1
h_math_02 9 16 1
h_math_02 10 18 1
h_math_02 11 11480 1
h_math_02 12 1234 0
h_math_02 13 285 1
h_math_02 14 207 0
h_math_02 15 23 0
h_math_02 16 11480 0
h_math_02 17 5505 2
h_math_02 18 13 2
h_math_02 19 2461 2
h_math_02 20 317 1
h_math_02 21 895 3
h_math_02 22 3046 0
h_math_02 23 30 1
h_math_02 24 185 0
h_math_02 25 185 0
h_math_02 26 1679 1
h_math_02 27 12382 0
h_math_02 28 185 2
h_math_02 29 32 3
h_math_02 30 28099 2
h_math_02 31 317 3
h_math_02 32 207 1
h_math_02 33 16 0
h_math_02 34 18 0
h_math_02 35 11480 0
h_math_02 36 1234 0
h_math_02 37 285 1
h_math_02 38 207 0
h_math_02 39 23 0
h_math_02 40 11480 0
h_math_02 41 5505 0
h_math_02 42 13 2
h_math_02 43 2461 2
h_math_02 44 317 0
h_math_02 45 895 3
h_math_02 46 3046 0
h_math_02 47 30 1
h_math_02 48 185 0
h_math_02 49 185 0
h_math_02 50 1679 1
h_math_02 51 12382 0
h_math_02 52 185 2
h_math_02 53 32 3
h_math_02 54 28099 2
h_math_02 55 317 3
h_math_02 56 207 1
h_math_02 57 16 0
h_math_02 58 18 0
h_math_02 59 11480 0
h_math_02 60 1234 0
h_math_02 61 285 0
h_math_02 62 207 0
h_math_02 63 23 0
h_json_01 0 185 1
h_json_01 1 185 1
h_json_01 2 185 1
h_json_01 3 185 1
h_json_01 4 185 2
h_json_01 5 185 1
h_json_01 6 185 1
h_json_01 7 185 1
h_json_01 8 185 1
h_json_01 9 185 1
h_json_01 10 185 1
h_json_01 11 185 1
h_json_01 12 185 1
h_json_01 13 185 1
h_json_01 14 185 1
h_json_01 15 185 0
h_json_01 16 185 0
h_json_01 17 185 0
h_json_01 18 185 0
h_json_01 19 185 0
h_json_01 20 185 0
h_json_01 21 185 1
h_json_01 22 185 0
h_json_01 23 185 0
h_json_01 24 185 0
h_json_01 25 185 0
h_json_01 26 185 0
h_json_01 27 185 0
h_json_01 28 185 0
h_json_01 29 185 0
h_json_01 30 185 0
h_json_01 31 185 0
h_json_01 32 185 0
h_json_01 33 185 0
h_json_01 34 185 0
h_json_01 35 185 0
h_json_01 36 185 0
h_json_01 37 185 0
h_json_01 38 185 0
h_json_01 39 185 0
h_json_01 40 185 0
h_json_01 41 185 0
h_json_01 42 185 0
h_json_01 43 185 0
h_json_01 44 185 0
h_json_01 45 185 0
h_json_01 46 185 0
h_json_01 47 185 0
h_json_01 48 185 0
h_json_01 49 185 0
h_json_01 50 185 0
h_json_01 51 185 0
h_json_01 52 185 0
h_json_01 53 185 0
h_json_01 54 185 0
h_json_01 55 185 0
h_json_01 56 185 0
h_json_01 57 185 0
h_json_01 58 185 0
h_json_01 59 185 0
h_json_01 60 185 0
h_json_01 61 185 0
h_json_01 62 185 0
h_json_01 63 185 0
h_json_02 0 185 1
h_json_02 1 185 1
h_json_02 2 7417 0
h_json_02 3 185 1
h_json_02 4 185 2
h_json_02 5 3361 2
h_json_02 6 7742 1
h_json_02 7 4112 1
h_json_02 8 50 2
h_json_02 9 6613 1
h_json_02 10 7 3
h_json_02 11 6485 0
h_json_02 12 82 0
h_json_02 13 8 0
h_json_02 14 509 0
h_json_02 15 185 0
h_json_02 16 207 1
h_json_02 17 1632 3
h_json_02 18 2555 1
h_json_02 19 403 2
h_json_02 20 207 1
h_json_02 21 15 0
h_json_02 22 26 0
h_json_02 23 185 0
h_json_02 24 207 0
h_json_02 25 327 0
h_json_02 26 334 1
h_json_02 27 1162 1
h_json_02 28 460 1
h_json_02 29 403 0
h_json_02 30 207 0
h_json_02 31 15 0
h_json_02 32 26 0
h_json_02 33 460 1
h_json_02 34 10551 1
h_json_02 35 1183 0
h_json_02 36 82 0
h_json_02 37 13 0
h_json_02 38 4092 0
h_json_02 39 26 0
h_json_02 40 460 1
h_json_02 41 8671 0
h_json_02 42 509 1
h_json_02 43 185 1
h_json_02 44 300 0
h_json_02 45 2555 0
h_json_02 46 7324 1
h_json_02 47 460 0
h_json_02 48 26 0
h_json_02 49 185 1
h_json_02 50 207 1
h_json_02 51 615 1
h_json_02 52 185 0
h_json_02 53 207 0
h_json_02 54 972 2
h_json_02 55 2555 0
h_json_02 56 9217 0
h_json_02 57 207 0
h_json_02 58 17 0
h_json_02 59 26 0
h_json_02 60 185 1
h_json_02 61 92 0
h_json_02 62 185 0
h_json_02 63 185 0
h_code_01 0 185 1
h_code_01 1 185 1
h_code_01 2 24247 1
h_code_01 3 185 2
h_code_01 4 185 2
h_code_01 5 1558 2
h_code_01 6 317 1
h_code_01 7 62 1
h_code_01 8 16435 0
h_code_01 9 515 0
h_code_01 10 7288 0
h_code_01 11 7 2
h_code_01 12 82 0
h_code_01 13 1780 0
h_code_01 14 185 0
h_code_01 15 300 3
h_code_01 16 972 1
h_code_01 17 252 1
h_code_01 18 2318 1
h_code_01 19 252 0
h_code_01 20 58 0
h_code_01 21 73879 0
h_code_01 22 16 0
h_code_01 23 60 0
h_code_01 24 185 1
h_code_01 25 185 2
h_code_01 26 4134 1
h_code_01 27 7 1
h_code_01 28 262 0
h_code_01 29 62 0
h_code_01 30 16435 0
h_code_01 31 515 0
h_code_01 32 7288 1
h_code_01 33 1198 1
h_code_01 34 37597 0
h_code_01 35 5621 0
h_code_01 36 11993 0
h_code_01 37 185 0
h_code_01 38 4134 0
h_code_01 39 7 0
h_code_01 40 262 1
h_code_01 41 62 0
h_code_01 42 16435 0
h_code_01 43 515 0
h_code_01 44 7288 1
h_code_01 45 1198 2
h_code_01 46 31539 0
h_code_01 47 11993 0
h_code_01 48 185 0
h_code_01 49 4134 0
h_code_01 50 7 0
h_code_01 51 262 1
h_code_01 52 62 0
h_code_01 53 16435 0
h_code_01 54 515 0
h_code_01 55 7288 1
h_code_01 56 1198 2
h_code_01 57 31539 0
h_code_01 58 1843 0
h_code_01 59 11993 0
h_code_01 60 185 0
h_code_01 61 4134 0
h_code_01 62 7 0
h_code_01 63 262 1
h_code_02 0 185 1
h_code_02 1 185 1
h_code_02 2 185 1
h_code_02 3 185 1
h_code_02 4 185 1
h_code_02 5 185 2
h_code_02 6 185 1
h_code_02 7 185 1
h_code_02 8 185 1
h_code_02 9 185 1
h_code_02 10 185 1
h_code_02 11 185 1
h_code_02 12 185 1
h_code_02 13 185 1
h_code_02 14 185 1
h_code_02 15 185 1
h_code_02 16 185 1
h_code_02 17 185 1
h_code_02 18 185 1
h_code_02 19 185 1
h_code_02 20 185 1
h_code_02 21 185 1
h_code_02 22 185 1
h_code_02 23 185 1
h_code_02 24 185 0
h_code_02 25 185 0
h_code_02 26 185 0
h_code_02 27 185 0
h_code_02 28 185 0
h_code_02 29 185 1
h_code_02 30 185 0
h_code_02 31 185 0
h_code_02 32 185 0
h_code_02 33 185 0
h_code_02 34 185 0
h_code_02 35 185 0
h_code_02 36 185 0
h_code_02 37 185 1
h_code_02 38 185 0
h_code_02 39 185 0
h_code_02 40 185 0
h_code_02 41 185 0
h_code_02 42 185 0
h_code_02 43 185 0
h_code_02 44 185 0
h_code_02 45 185 0
h_code_02 46 185 0
h_code_02 47 185 0
h_code_02 48 185 0
h_code_02 49 185 0
h_code_02 50 185 0
h_code_02 51 185 0
h_code_02 52 185 0
h_code_02 53 185 0
h_code_02 54 185 0
h_code_02 55 185 0
h_code_02 56 185 0
h_code_02 57 185 0
h_code_02 58 185 0
h_code_02 59 185 0
h_code_02 60 185 0
h_code_02 61 185 0
h_code_02 62 185 0
h_code_02 63 185 0
