can not use command: npu-smi info
v_en_01 0 185 1
v_en_01 1 185 1
v_en_01 2 1679 1
v_en_01 3 2461 1
v_en_01 4 317 1
v_en_01 5 254 2
v_en_01 6 3042 0
v_en_01 7 280 2
v_en_01 8 254 2
v_en_01 9 8242 0
v_en_01 10 279 1
v_en_01 11 185 1
v_en_01 12 185 1
v_en_01 13 1679 1
v_en_01 14 2461 3
v_en_01 15 317 2
v_en_01 16 254 2
v_en_01 17 3042 0
v_en_01 18 280 1
v_en_01 19 254 2
v_en_01 20 8242 0
v_en_01 21 30 1
v_en_01 22 185 1
v_en_01 23 185 1
v_en_01 24 549 1
v_en_01 25 8242 1
v_en_01 26 280 0
v_en_01 27 1094 0
v_en_01 28 9962 1
v_en_01 29 418 1
v_en_01 30 5575 0
v_en_01 31 1373 1
v_en_01 32 657 1
v_en_01 33 3780 0
v_en_01 34 245 0
v_en_01 35 5575 0
v_en_01 36 51520 0
v_en_01 37 2424 0
v_en_01 38 36472 0
v_en_01 39 75589 0
v_en_01 40 13 1
v_en_01 41 88090 0
v_en_01 42 75589 1
v_en_01 43 317 2
v_en_01 44 245 0
v_en_01 45 5575 0
v_en_01 46 51520 1
v_en_01 47 344 2
v_en_01 48 317 2
v_en_01 49 1503 0
v_en_01 50 279 0
v_en_01 51 254 0
v_en_01 52 8242 0
v_en_01 53 280 0
v_en_01 54 9962 0
v_en_01 55 13 1
v_en_01 56 809 2
v_en_01 57 317 2
v_en_01 58 8872 0
v_en_01 59 327 0
v_en_01 60 254 0
v_en_01 61 5575 0
v_en_01 62 3042 0
v_en_01 63 280 0
v_en_02 0 185 1
v_en_02 1 549 1
v_en_02 2 3855 0
v_en_02 3 280 1
v_en_02 4 51846 0
v_en_02 5 285 1
v_en_02 6 7603 0
v_en_02 7 10018 0
v_en_02 8 578 1
v_en_02 9 317 1
v_en_02 10 16098 0
v_en_02 11 83764 1
v_en_02 12 13 1
v_en_02 13 185 2
v_en_02 14 2640 3
v_en_02 15 317 2
v_en_02 16 254 2
v_en_02 17 29416 0
v_en_02 18 280 1
v_en_02 19 51846 0
v_en_02 20 285 0
v_en_02 21 7603 0
v_en_02 22 10018 0
v_en_02 23 578 0
v_en_02 24 30 1
v_en_02 25 185 1
v_en_02 26 47 0
v_en_02 27 4519 0
v_en_02 28 285 0
v_en_02 29 7603 0
v_en_02 30 10018 0
v_en_02 31 578 3
v_en_02 32 317 1
v_en_02 33 245 2
v_en_02 34 6992 1
v_en_02 35 6992 1
v_en_02 36 13 1
v_en_02 37 185 2
v_en_02 38 2640 2
v_en_02 39 317 2
v_en_02 40 254 2
v_en_02 41 5007 0
v_en_02 42 280 1
v_en_02 43 51846 0
v_en_02 44 285 0
v_en_02 45 7603 0
v_en_02 46 10018 0
v_en_02 47 578 0
v_en_02 48 30 0
v_en_02 49 185 1
v_en_02 50 549 1
v_en_02 51 5007 1
v_en_02 52 280 1
v_en_02 53 51846 0
v_en_02 54 285 0
v_en_02 55 7603 0
v_en_02 56 10018 0
v_en_02 57 578 1
v_en_02 58 317 1
v_en_02 59 6435 0
v_en_02 60 13 1
v_en_02 61 185 2
v_en_02 62 2640 3
v_en_02 63 317 3
v_en_03 0 185 1
v_en_03 1 185 1
v_en_03 2 32 2
v_en_03 3 4902 1
v_en_03 4 3762 1
v_en_03 5 317 2
v_en_03 6 245 2
v_en_03 7 1191 1
v_en_03 8 4327 1
v_en_03 9 344 1
v_en_03 10 24655 1
v_en_03 11 254 1
v_en_03 12 3791 0
v_en_03 13 280 1
v_en_03 14 4902 0
v_en_03 15 12750 0
v_en_03 16 457 0
v_en_03 17 10510 0
v_en_03 18 254 1
v_en_03 19 4902 0
v_en_03 20 276 1
v_en_03 21 5397 1
v_en_03 22 19549 1
v_en_03 23 254 1
v_en_03 24 1191 0
v_en_03 25 359 2
v_en_03 26 3277 0
v_en_03 27 13 1
v_en_03 28 185 1
v_en_03 29 185 1
v_en_03 30 13483 2
v_en_03 31 2461 3
v_en_03 32 317 2
v_en_03 33 254 2
v_en_03 34 4334 0
v_en_03 35 1439 2
v_en_03 36 245 1
v_en_03 37 6663 2
v_en_03 38 2131 1
v_en_03 39 285 2
v_en_03 40 245 2
v_en_03 41 8373 0
v_en_03 42 2131 0
v_en_03 43 30 1
v_en_03 44 185 1
v_en_03 45 185 2
v_en_03 46 32 1
v_en_03 47 6663 0
v_en_03 48 2131 1
v_en_03 49 317 2
v_en_03 50 245 2
v_en_03 51 4730 2
v_en_03 52 21312 1
v_en_03 53 327 2
v_en_03 54 245 1
v_en_03 55 3377 0
v_en_03 56 279 1
v_en_03 57 245 1
v_en_03 58 2376 0
v_en_03 59 11 1
v_en_03 60 1477 0
v_en_03 61 245 0
v_en_03 62 8373 0
v_en_03 63 2131 1
v_zh_01 0 185 1
v_zh_01 1 185 1
v_zh_01 2 3388 0
v_zh_01 3 1633 0
v_zh_01 4 7435 2
v_zh_01 5 26026 1
v_zh_01 6 19373 1
v_zh_01 7 10326 0
v_zh_01 8 3388 0
v_zh_01 9 947 0
v_zh_01 10 1848 0
v_zh_01 11 79453 0
v_zh_01 12 25625 0
v_zh_01 13 83720 1
v_zh_01 14 59844 0
v_zh_01 15 35129 0
v_zh_01 16 14706 1
v_zh_01 17 30336 1
v_zh_01 18 398 2
v_zh_01 19 185 1
v_zh_01 20 185 1
v_zh_01 21 17 1
v_zh_01 22 13 1
v_zh_01 23 207 1
v_zh_01 24 3388 0
v_zh_01 25 1633 0
v_zh_01 26 7435 2
v_zh_01 27 612 1
v_zh_01 28 12161 0
v_zh_01 29 5804 0
v_zh_01 30 5387 1
v_zh_01 31 7435 1
v_zh_01 32 17391 0
v_zh_01 33 2224 1
v_zh_01 34 185 1
v_zh_01 35 185 1
v_zh_01 36 3388 0
v_zh_01 37 1633 0
v_zh_01 38 7435 1
v_zh_01 39 504 0
v_zh_01 40 12161 0
v_zh_01 41 5804 0
v_zh_01 42 764 0
v_zh_01 43 34540 0
v_zh_01 44 7147 0
v_zh_01 45 9756 0
v_zh_01 46 19304 1
v_zh_01 47 3352 2
v_zh_01 48 26290 0
v_zh_01 49 19373 1
v_zh_01 50 93511 0
v_zh_01 51 21647 0
v_zh_01 52 885 1
v_zh_01 53 35129 0
v_zh_01 54 14706 0
v_zh_01 55 19304 0
v_zh_01 56 36717 1
v_zh_01 57 777 0
v_zh_01 58 6238 0
v_zh_01 59 17431 0
v_zh_01 60 26290 0
v_zh_01 61 12509 0
v_zh_01 62 885 1
v_zh_01 63 85809 0
v_zh_02 0 185 1
v_zh_02 1 185 1
v_zh_02 2 7196 1
v_zh_02 3 15235 1
v_zh_02 4 18467 0
v_zh_02 5 38502 0
v_zh_02 6 398 1
v_zh_02 7 185 1
v_zh_02 8 185 2
v_zh_02 9 7196 2
v_zh_02 10 15235 0
v_zh_02 11 18467 0
v_zh_02 12 38502 0
v_zh_02 13 19304 1
v_zh_02 14 504 1
v_zh_02 15 18467 0
v_zh_02 16 52180 1
v_zh_02 17 19304 1
v_zh_02 18 3770 1
v_zh_02 19 2493 1
v_zh_02 20 13977 0
v_zh_02 21 537 0
v_zh_02 22 5699 0
v_zh_02 23 537 0
v_zh_02 24 5101 0
v_zh_02 25 885 0
v_zh_02 26 9064 0
v_zh_02 27 6550 1
v_zh_02 28 398 2
v_zh_02 29 7196 2
v_zh_02 30 65347 1
v_zh_02 31 79400 0
v_zh_02 32 83818 0
v_zh_02 33 19304 1
v_zh_02 34 3480 1
v_zh_02 35 7027 0
v_zh_02 36 22400 0
v_zh_02 37 3010 0
v_zh_02 38 3010 0
v_zh_02 39 13895 0
v_zh_02 40 19304 0
v_zh_02 41 2750 0
v_zh_02 42 7027 0
v_zh_02 43 75897 0
v_zh_02 44 2776 1
v_zh_02 45 19304 0
v_zh_02 46 2797 0
v_zh_02 47 2613 0
v_zh_02 48 3540 0
v_zh_02 49 1127 0
v_zh_02 50 3010 0
v_zh_02 51 13895 0
v_zh_02 52 19304 0
v_zh_02 53 3152 0
v_zh_02 54 2613 0
v_zh_02 55 79400 0
v_zh_02 56 83818 0
v_zh_02 57 398 1
v_zh_02 58 7196 2
v_zh_02 59 36257 0
v_zh_02 60 1496 0
v_zh_02 61 11879 1
v_zh_02 62 10449 1
v_zh_02 63 5097 0
v_zh_03 0 185 1
v_zh_03 1 185 1
v_zh_03 2 17 1
v_zh_03 3 537 1
v_zh_03 4 207 1
v_zh_03 5 3040 0
v_zh_03 6 45326 1
v_zh_03 7 13709 0
v_zh_03 8 609 0
v_zh_03 9 23102 0
v_zh_03 10 29136 0
v_zh_03 11 19304 1
v_zh_03 12 13712 1
v_zh_03 13 29136 0
v_zh_03 14 9744 0
v_zh_03 15 14437 0
v_zh_03 16 15967 0
v_zh_03 17 19304 1
v_zh_03 18 7029 1
v_zh_03 19 7842 1
v_zh_03 20 941 1
v_zh_03 21 2961 0
v_zh_03 22 10477 1
v_zh_03 23 1827 0
v_zh_03 24 14490 0
v_zh_03 25 398 1
v_zh_03 26 185 0
v_zh_03 27 185 1
v_zh_03 28 2547 0
v_zh_03 29 537 1
v_zh_03 30 207 1
v_zh_03 31 28510 0
v_zh_03 32 46601 0
v_zh_03 33 337 0
v_zh_03 34 13058 0
v_zh_03 35 19304 0
v_zh_03 36 15750 0
v_zh_03 37 46601 0
v_zh_03 38 19769 0
v_zh_03 39 398 0
v_zh_03 40 185 0
v_zh_03 41 185 1
v_zh_03 42 16 0
v_zh_03 43 537 1
v_zh_03 44 207 1
v_zh_03 45 3040 0
v_zh_03 46 45326 1
v_zh_03 47 36013 1
v_zh_03 48 4419 1
v_zh_03 49 19304 1
v_zh_03 50 1312 1
v_zh_03 51 1540 1
v_zh_03 52 19304 1
v_zh_03 53 36013 0
v_zh_03 54 17391 0
v_zh_03 55 13954 0
v_zh_03 56 2224 1
v_zh_03 57 185 0
v_zh_03 58 185 1
v_zh_03 59 17 0
v_zh_03 60 537 1
v_zh_03 61 207 1
v_zh_03 62 3040 0
v_zh_03 63 45326 1
v_struct_01 0 207 1
v_struct_01 1 16 0
v_struct_01 2 185 1
v_struct_01 3 185 3
v_struct_01 4 3589 1
v_struct_01 5 1679 2
v_struct_01 6 9711 1
v_struct_01 7 25 2
v_struct_01 8 185 1
v_struct_01 9 185 3
v_struct_01 10 3589 2
v_struct_01 11 1679 3
v_struct_01 12 23161 1
v_struct_01 13 25 2
v_struct_01 14 185 2
v_struct_01 15 185 2
v_struct_01 16 3589 2
v_struct_01 17 1679 3
v_struct_01 18 30961 1
v_struct_01 19 25 1
v_struct_01 20 185 2
v_struct_01 21 185 3
v_struct_01 22 3589 2
v_struct_01 23 1679 3
v_struct_01 24 338 2
v_struct_01 25 3067 1
v_struct_01 26 5932 1
v_struct_01 27 25 1
v_struct_01 28 185 2
v_struct_01 29 185 2
v_struct_01 30 3589 2
v_struct_01 31 1679 3
v_struct_01 32 64170 1
v_struct_01 33 25 0
v_struct_01 34 185 2
v_struct_01 35 185 2
v_struct_01 36 3589 2
v_struct_01 37 1679 3
v_struct_01 38 7164 1
v_struct_01 39 8064 1
v_struct_01 40 25 1
v_struct_01 41 185 2
v_struct_01 42 185 1
v_struct_01 43 3589 1
v_struct_01 44 1679 3
v_struct_01 45 78465 1
v_struct_01 46 25 0
v_struct_01 47 185 1
v_struct_01 48 185 1
v_struct_01 49 3589 1
v_struct_01 50 1679 3
v_struct_01 51 3866 1
v_struct_01 52 3237 0
v_struct_01 53 4940 1
v_struct_01 54 25 0
v_struct_01 55 185 3
v_struct_01 56 185 2
v_struct_01 57 3589 1
v_struct_01 58 1679 3
v_struct_01 59 28723 1
v_struct_01 60 25 0
v_struct_01 61 185 1
v_struct_01 62 185 2
v_struct_01 63 3589 0
v_struct_02 0 185 1
v_struct_02 1 185 1
v_struct_02 2 549 3
v_struct_02 3 9966 2
v_struct_02 4 5750 1
v_struct_02 5 418 2
v_struct_02 6 1462 2
v_struct_02 7 5750 1
v_struct_02 8 344 2
v_struct_02 9 418 3
v_struct_02 10 889 2
v_struct_02 11 36575 1
v_struct_02 12 69543 1
v_struct_02 13 457 1
v_struct_02 14 4449 1
v_struct_02 15 285 2
v_struct_02 16 207 0
v_struct_02 17 16 0
v_struct_02 18 13 2
v_struct_02 19 1494 0
v_struct_02 20 2203 1
v_struct_02 21 11 2
v_struct_02 22 207 1
v_struct_02 23 17 0
v_struct_02 24 11 1
v_struct_02 25 207 0
v_struct_02 26 18 0
v_struct_02 27 11 1
v_struct_02 28 207 0
v_struct_02 29 20 0
v_struct_02 30 11 1
v_struct_02 31 207 0
v_struct_02 32 22 0
v_struct_02 33 11 1
v_struct_02 34 207 0
v_struct_02 35 16 0
v_struct_02 36 16 0
v_struct_02 37 11 1
v_struct_02 38 285 1
v_struct_02 39 16 0
v_struct_02 40 18 0
v_struct_02 41 11 0
v_struct_02 42 207 0
v_struct_02 43 16 0
v_struct_02 44 22 0
v_struct_02 45 11 0
v_struct_02 46 207 0
v_struct_02 47 16 0
v_struct_02 48 24 0
v_struct_02 49 11 0
v_struct_02 50 285 1
v_struct_02 51 17 0
v_struct_02 52 18 0
v_struct_02 53 11 0
v_struct_02 54 285 1
v_struct_02 55 207 0
v_struct_02 56 17 0
v_struct_02 57 24 1
v_struct_02 58 418 2
v_struct_02 59 9966 0
v_struct_02 60 5750 1
v_struct_02 61 13 1
v_struct_02 62 185 1
v_struct_02 63 185 1
v_struct_03 0 185 1
v_struct_03 1 185 1
v_struct_03 2 62031 0
v_struct_03 3 484 0
v_struct_03 4 64645 0
v_struct_03 5 25 1
v_struct_03 6 185 2
v_struct_03 7 185 2
v_struct_03 8 12 1
v_struct_03 9 8828 1
v_struct_03 10 185 1
v_struct_03 11 12 2
v_struct_03 12 6470 2
v_struct_03 13 274 2
v_struct_03 14 10858 1
v_struct_03 15 185 0
v_struct_03 16 12 2
v_struct_03 17 1273 2
v_struct_03 18 254 2
v_struct_03 19 10858 2
v_struct_03 20 317 2
v_struct_03 21 69543 1
v_struct_03 22 457 0
v_struct_03 23 207 0
v_struct_03 24 17 1
v_struct_03 25 11 2
v_struct_03 26 937 2
v_struct_03 27 3640 1
v_struct_03 28 207 1
v_struct_03 29 790 3
v_struct_03 30 549 2
v_struct_03 31 10858 2
v_struct_03 32 317 3
v_struct_03 33 1236 0
v_struct_03 34 976 1
v_struct_03 35 185 1
v_struct_03 36 12 2
v_struct_03 37 39090 0
v_struct_03 38 3640 0
v_struct_03 39 207 1
v_struct_03 40 790 2
v_struct_03 41 549 1
v_struct_03 42 10858 1
v_struct_03 43 317 2
v_struct_03 44 8788 0
v_struct_03 45 976 0
v_struct_03 46 185 0
v_struct_03 47 12 3
v_struct_03 48 8386 0
v_struct_03 49 185 1
v_struct_03 50 185 2
v_struct_03 51 9081 3
v_struct_03 52 24315 0
v_struct_03 53 64645 1
v_struct_03 54 276 2
v_struct_03 55 1727 1
v_struct_03 56 3203 3
v_struct_03 57 274 2
v_struct_03 58 10858 2
v_struct_03 59 317 3
v_struct_03 60 8788 1
v_struct_03 61 13 1
v_struct_03 62 185 1
v_struct_03 63 185 1
