ceval ceval_basic_medicine_0 False False
ceval ceval_basic_medicine_1 False False
ceval ceval_basic_medicine_2 False False
ceval ceval_basic_medicine_3 True False
ceval ceval_basic_medicine_4 False False
ceval ceval_basic_medicine_5 True False
ceval ceval_basic_medicine_6 True False
ceval ceval_basic_medicine_7 False False
ceval ceval_basic_medicine_8 True False
ceval ceval_basic_medicine_9 True False
ceval ceval_basic_medicine_10 False False
ceval ceval_basic_medicine_11 False False
ceval ceval_basic_medicine_12 True False
ceval ceval_basic_medicine_13 False False
ceval ceval_basic_medicine_14 False False
ceval ceval_basic_medicine_15 False False
ceval ceval_basic_medicine_16 False False
ceval ceval_basic_medicine_17 False False
ceval ceval_basic_medicine_18 False False
ceval ceval_chinese_language_and_literature_0 False False
ceval ceval_chinese_language_and_literature_1 True False
ceval ceval_chinese_language_and_literature_2 False False
ceval ceval_chinese_language_and_literature_3 False False
ceval ceval_chinese_language_and_literature_4 False False
ceval ceval_chinese_language_and_literature_5 False False
ceval ceval_chinese_language_and_literature_6 True False
ceval ceval_chinese_language_and_literature_7 False False
ceval ceval_chinese_language_and_literature_8 True False
ceval ceval_chinese_language_and_literature_9 False False
ceval ceval_chinese_language_and_literature_10 True False
ceval ceval_chinese_language_and_literature_11 True False
ceval ceval_chinese_language_and_literature_12 False False
ceval ceval_chinese_language_and_literature_13 True False
ceval ceval_chinese_language_and_literature_14 False False
ceval ceval_chinese_language_and_literature_15 False False
ceval ceval_chinese_language_and_literature_16 True False
ceval ceval_chinese_language_and_literature_17 True False
ceval ceval_chinese_language_and_literature_18 True False
ceval ceval_chinese_language_and_literature_19 False False
ceval ceval_chinese_language_and_literature_20 True False
ceval ceval_chinese_language_and_literature_21 True False
ceval ceval_chinese_language_and_literature_22 False False
ceval ceval_college_programming_0 False False
ceval ceval_college_programming_1 True False
ceval ceval_college_programming_2 False False
ceval ceval_college_programming_3 True False
ceval ceval_college_programming_4 False False
ceval ceval_college_programming_5 True False
ceval ceval_college_programming_6 True False
ceval ceval_college_programming_7 False False
ceval ceval_college_programming_8 True False
ceval ceval_college_programming_9 True False
ceval ceval_college_programming_10 False False
ceval ceval_college_programming_11 False False
ceval ceval_college_programming_12 False False
ceval ceval_college_programming_13 True False
ceval ceval_college_programming_14 False False
ceval ceval_college_programming_15 True False
ceval ceval_college_programming_16 True False
ceval ceval_college_programming_17 True False
ceval ceval_college_programming_18 False False
ceval ceval_college_programming_19 True False
ceval ceval_college_programming_20 False False
ceval ceval_college_programming_21 True False
ceval ceval_college_programming_22 False False
ceval ceval_college_programming_23 False False
ceval ceval_college_programming_24 False False
ceval ceval_college_programming_25 True False
ceval ceval_college_programming_26 True False
ceval ceval_college_programming_27 False False
ceval ceval_college_programming_28 True False
ceval ceval_college_programming_29 True False
ceval ceval_college_programming_30 True False
ceval ceval_college_programming_31 True False
ceval ceval_college_programming_32 True False
ceval ceval_college_programming_33 False False
ceval ceval_college_programming_34 True False
ceval ceval_college_programming_35 False False
ceval ceval_college_programming_36 False False
ceval ceval_high_school_geography_0 True False
ceval ceval_high_school_geography_1 False False
ceval ceval_high_school_geography_2 False False
ceval ceval_high_school_geography_3 False False
ceval ceval_high_school_geography_4 True False
ceval ceval_high_school_geography_5 False False
ceval ceval_high_school_geography_6 False False
ceval ceval_high_school_geography_7 False False
ceval ceval_high_school_geography_8 True False
ceval ceval_high_school_geography_9 True False
ceval ceval_high_school_geography_10 False False
ceval ceval_high_school_geography_11 False False
ceval ceval_high_school_geography_12 False False
ceval ceval_high_school_geography_13 False False
ceval ceval_high_school_geography_14 True False
ceval ceval_high_school_geography_15 False False
ceval ceval_high_school_geography_16 True False
ceval ceval_high_school_geography_17 False False
ceval ceval_high_school_geography_18 True False
ceval ceval_high_school_history_0 True False
ceval ceval_high_school_history_1 True False
ceval ceval_high_school_history_2 True False
ceval ceval_high_school_history_3 False False
ceval ceval_high_school_history_4 True False
ceval ceval_high_school_history_5 True False
ceval ceval_high_school_history_6 True False
ceval ceval_high_school_history_7 False False
ceval ceval_high_school_history_8 True False
ceval ceval_high_school_history_9 True False
ceval ceval_high_school_history_10 True False
ceval ceval_high_school_history_11 True False
ceval ceval_high_school_history_12 False False
ceval ceval_high_school_history_13 False False
ceval ceval_high_school_history_14 False False
ceval ceval_high_school_history_15 True False
ceval ceval_high_school_history_16 True False
ceval ceval_high_school_history_17 False False
ceval ceval_high_school_history_18 True False
ceval ceval_high_school_history_19 False False
ceval ceval_high_school_mathematics_0 False False
ceval ceval_high_school_mathematics_1 False False
ceval ceval_high_school_mathematics_2 False False
ceval ceval_high_school_mathematics_3 False False
ceval ceval_high_school_mathematics_4 False False
ceval ceval_high_school_mathematics_5 False False
ceval ceval_high_school_mathematics_6 False False
ceval ceval_high_school_mathematics_7 False False
ceval ceval_high_school_mathematics_8 False False
ceval ceval_high_school_mathematics_9 False False
gsm8k gsm8k_test_0000 False False
gsm8k gsm8k_test_0001 True False
gsm8k gsm8k_test_0002 True False
gsm8k gsm8k_test_0003 False False
gsm8k gsm8k_test_0004 False False
gsm8k gsm8k_test_0005 True False
gsm8k gsm8k_test_0006 False False
gsm8k gsm8k_test_0007 False False
gsm8k gsm8k_test_0008 True False
gsm8k gsm8k_test_0009 True False
gsm8k gsm8k_test_0010 False False
gsm8k gsm8k_test_0011 False False
gsm8k gsm8k_test_0012 False False
gsm8k gsm8k_test_0013 True False
gsm8k gsm8k_test_0014 False False
gsm8k gsm8k_test_0015 False False
gsm8k gsm8k_test_0016 False False
gsm8k gsm8k_test_0017 True False
gsm8k gsm8k_test_0018 True False
gsm8k gsm8k_test_0019 False False
gsm8k gsm8k_test_0020 False False
gsm8k gsm8k_test_0021 False False
gsm8k gsm8k_test_0022 False False
gsm8k gsm8k_test_0023 False False
gsm8k gsm8k_test_0024 False False
gsm8k gsm8k_test_0025 False False
gsm8k gsm8k_test_0026 False False
gsm8k gsm8k_test_0027 False False
gsm8k gsm8k_test_0028 False False
gsm8k gsm8k_test_0029 True False
gsm8k gsm8k_test_0030 False False
gsm8k gsm8k_test_0031 False False
gsm8k gsm8k_test_0032 False False
gsm8k gsm8k_test_0033 False False
gsm8k gsm8k_test_0034 True False
gsm8k gsm8k_test_0035 False False
gsm8k gsm8k_test_0036 False False
gsm8k gsm8k_test_0037 False False
gsm8k gsm8k_test_0038 True False
gsm8k gsm8k_test_0039 False False
gsm8k gsm8k_test_0040 True False
gsm8k gsm8k_test_0041 False False
gsm8k gsm8k_test_0042 False False
gsm8k gsm8k_test_0043 True False
gsm8k gsm8k_test_0044 True False
gsm8k gsm8k_test_0045 False False
gsm8k gsm8k_test_0046 False False
gsm8k gsm8k_test_0047 True False
gsm8k gsm8k_test_0048 True False
gsm8k gsm8k_test_0049 False False
gsm8k gsm8k_test_0050 True False
gsm8k gsm8k_test_0051 True False
gsm8k gsm8k_test_0052 True False
gsm8k gsm8k_test_0053 True False
gsm8k gsm8k_test_0054 False False
gsm8k gsm8k_test_0055 True False
gsm8k gsm8k_test_0056 False False
gsm8k gsm8k_test_0057 False False
gsm8k gsm8k_test_0058 False False
gsm8k gsm8k_test_0059 False False
gsm8k gsm8k_test_0060 True False
gsm8k gsm8k_test_0061 False False
gsm8k gsm8k_test_0062 False False
gsm8k gsm8k_test_0063 False False
gsm8k gsm8k_test_0064 True False
gsm8k gsm8k_test_0065 False False
gsm8k gsm8k_test_0066 True False
gsm8k gsm8k_test_0067 False False
gsm8k gsm8k_test_0068 False False
gsm8k gsm8k_test_0069 False False
gsm8k gsm8k_test_0070 False False
gsm8k gsm8k_test_0071 True False
gsm8k gsm8k_test_0072 False False
gsm8k gsm8k_test_0073 True False
gsm8k gsm8k_test_0074 False False
gsm8k gsm8k_test_0075 True False
gsm8k gsm8k_test_0076 False False
gsm8k gsm8k_test_0077 True False
gsm8k gsm8k_test_0078 True False
gsm8k gsm8k_test_0079 False False
gsm8k gsm8k_test_0080 False False
gsm8k gsm8k_test_0081 False False
gsm8k gsm8k_test_0082 False False
gsm8k gsm8k_test_0083 False False
gsm8k gsm8k_test_0084 False False
gsm8k gsm8k_test_0085 False False
gsm8k gsm8k_test_0086 False False
gsm8k gsm8k_test_0087 False False
gsm8k gsm8k_test_0088 True False
gsm8k gsm8k_test_0089 False False
gsm8k gsm8k_test_0090 True False
gsm8k gsm8k_test_0091 True False
gsm8k gsm8k_test_0092 False False
gsm8k gsm8k_test_0093 True False
gsm8k gsm8k_test_0094 False False
gsm8k gsm8k_test_0095 False False
gsm8k gsm8k_test_0096 False False
gsm8k gsm8k_test_0097 False False
gsm8k gsm8k_test_0098 True False
gsm8k gsm8k_test_0099 False False
gsm8k gsm8k_test_0100 False False
gsm8k gsm8k_test_0101 True False
gsm8k gsm8k_test_0102 True False
gsm8k gsm8k_test_0103 True False
gsm8k gsm8k_test_0104 False False
gsm8k gsm8k_test_0105 True False
gsm8k gsm8k_test_0106 False False
gsm8k gsm8k_test_0107 False False
gsm8k gsm8k_test_0108 True False
gsm8k gsm8k_test_0109 True False
gsm8k gsm8k_test_0110 True False
gsm8k gsm8k_test_0111 True False
gsm8k gsm8k_test_0112 False False
gsm8k gsm8k_test_0113 False False
gsm8k gsm8k_test_0114 True False
gsm8k gsm8k_test_0115 True False
gsm8k gsm8k_test_0116 True False
gsm8k gsm8k_test_0117 False False
gsm8k gsm8k_test_0118 False False
gsm8k gsm8k_test_0119 False False
gsm8k gsm8k_test_0120 True False
gsm8k gsm8k_test_0121 False False
gsm8k gsm8k_test_0122 False False
gsm8k gsm8k_test_0123 False False
gsm8k gsm8k_test_0124 False False
gsm8k gsm8k_test_0125 False False
gsm8k gsm8k_test_0126 True False
gsm8k gsm8k_test_0127 False False
