============================= test session starts ==============================
platform linux -- Python 3.11.15, pytest-8.3.2, pluggy-1.6.0
rootdir: /workspace/kt-src/kt-kernel
configfile: pytest.ini
plugins: hydra-core-1.3.5, anyio-4.14.2, mock-3.15.1, xdist-3.6.1
collected 44 items

per_commit/test_hybrid_placement.py ...............                      [ 34%]
per_commit/test_ascend_hybrid_npu_expert.py ....                         [ 43%]
per_commit/test_ascend_hybrid_sequential.py ................             [ 79%]
per_commit/test_ascend_hybrid_overlap.py .....                           [ 90%]
per_commit/test_ascend_hybrid_lifecycle.py ....                          [100%]

=============================== warnings summary ===============================
test/per_commit/test_ascend_hybrid_overlap.py::test_overlapped_hybrid_matches_sequential[1]
  /workspace/kt-src/kt-kernel/test/per_commit/test_ascend_hybrid_overlap.py:71: UserWarning: Cannot create tensor with interal format while allow_internel_format=False, tensor will be created with base format. (Triggered internally at ../torch_npu/csrc/aten/common/TensorFactories.cpp:340.)
    expert_ids = route_matrix[torch.arange(qlen, device="npu").remainder(4)]

-- Docs: https://docs.pytest.org/en/stable/how-to/capture-warnings.html
======================== 44 passed, 1 warning in 16.47s ========================
rmediate_size=256, tp_count=1, QK_K=256
  num_blocks=1, base_blocks=1, extra_blocks=0
  TP 0: intermediate_size=256, offset=0, blocks=1
TP MOE layer 0, pool: 0xaaab1166d290, expert num: 4, num_experts_per_tok: 2
Llamafile TP splitting: intermediate_size=256, tp_count=1, QK_K=256
  num_blocks=1, base_blocks=1, extra_blocks=0
  TP 0: intermediate_size=256, offset=0, blocks=1
TP MOE layer 0, pool: 0xaaab1166d290, expert num: 4, num_experts_per_tok: 2
Llamafile TP splitting: intermediate_size=256, tp_count=1, QK_K=256
  num_blocks=1, base_blocks=1, extra_blocks=0
  TP 0: intermediate_size=256, offset=0, blocks=1
TP MOE layer 0, pool: 0xaaab1166d290, expert num: 4, num_experts_per_tok: 2
Llamafile TP splitting: intermediate_size=256, tp_count=1, QK_K=256
  num_blocks=1, base_blocks=1, extra_blocks=0
  TP 0: intermediate_size=256, offset=0, blocks=1
TP MOE layer 0, pool: 0xaaab1166d290, expert num: 4, num_experts_per_tok: 2
Llamafile TP splitting: intermediate_size=256, tp_count=1, QK_K=256
  num_blocks=1, base_blocks=1, extra_blocks=0
  TP 0: intermediate_size=256, offset=0, blocks=1
TP MOE layer 0, pool: 0xaaab1166d290, expert num: 4, num_experts_per_tok: 2
Llamafile TP splitting: intermediate_size=256, tp_count=1, QK_K=256
  num_blocks=1, base_blocks=1, extra_blocks=0
  TP 0: intermediate_size=256, offset=0, blocks=1
TP MOE layer 0, pool: 0xaaab1166d290, expert num: 4, num_experts_per_tok: 2
Llamafile TP splitting: intermediate_size=256, tp_count=1, QK_K=256
  num_blocks=1, base_blocks=1, extra_blocks=0
  TP 0: intermediate_size=256, offset=0, blocks=1
TP MOE layer 0, pool: 0xaaab1166d290, expert num: 4, num_experts_per_tok: 2
Llamafile TP splitting: intermediate_size=256, tp_count=1, QK_K=256
  num_blocks=1, base_blocks=1, extra_blocks=0
  TP 0: intermediate_size=256, offset=0, blocks=1
TP MOE layer 0, pool: 0xaaab1166d290, expert num: 4, num_experts_per_tok: 2
Llamafile TP splitting: intermediate_size=256, tp_count=1, QK_K=256
  num_blocks=1, base_blocks=1, extra_blocks=0
  TP 0: intermediate_size=256, offset=0, blocks=1
TP MOE layer 0, pool: 0xaaab1166d290, expert num: 4, num_experts_per_tok: 2
Llamafile TP splitting: intermediate_size=256, tp_count=1, QK_K=256
  num_blocks=1, base_blocks=1, extra_blocks=0
  TP 0: intermediate_size=256, offset=0, blocks=1
TP MOE layer 0, pool: 0xaaab1166d290, expert num: 4, num_experts_per_tok: 2
Llamafile TP splitting: intermediate_size=256, tp_count=1, QK_K=256
  num_blocks=1, base_blocks=1, extra_blocks=0
  TP 0: intermediate_size=256, offset=0, blocks=1
CPUInfer[0xaaab14b66100]: Goodbye
